Archive member included because of file (symbol)

c:/winavr-20100110/bin/../lib/gcc/avr/4.3.3/avr5\libgcc.a(_exit.o)
                              c:/winavr-20100110/bin/../lib/gcc/avr/4.3.3/../../../../avr/lib/avr5/crtm32.o (exit)
c:/winavr-20100110/bin/../lib/gcc/avr/4.3.3/avr5\libgcc.a(_copy_data.o)
                              ./main.o (__do_copy_data)
c:/winavr-20100110/bin/../lib/gcc/avr/4.3.3/avr5\libgcc.a(_clear_bss.o)
                              ./main.o (__do_clear_bss)
c:/winavr-20100110/bin/../lib/gcc/avr/4.3.3/../../../../avr/lib/avr5\libc.a(strncmp.o)
                              ./main.o (strncmp)
c:/winavr-20100110/bin/../lib/gcc/avr/4.3.3/../../../../avr/lib/avr5\libc.a(strstr.o)
                              ./main.o (strstr)
c:/winavr-20100110/bin/../lib/gcc/avr/4.3.3/../../../../avr/lib/avr5\libc.a(itoa.o)
                              ./MCAL/UART.o (itoa)
c:/winavr-20100110/bin/../lib/gcc/avr/4.3.3/../../../../avr/lib/avr5\libc.a(strrev.o)
                              c:/winavr-20100110/bin/../lib/gcc/avr/4.3.3/../../../../avr/lib/avr5\libc.a(itoa.o) (strrev)
c:/winavr-20100110/bin/../lib/gcc/avr/4.3.3/avr5\libgcc.a(_udivmodhi4.o)
                              c:/winavr-20100110/bin/../lib/gcc/avr/4.3.3/../../../../avr/lib/avr5\libc.a(itoa.o) (__udivmodhi4)

Allocating common symbols
Common symbol       size              file

Rec_Data            0x64              ./main.o

Memory Configuration

Name             Origin             Length             Attributes
text             0x00000000         0x00020000         xr
data             0x00800060         0x0000ffa0         rw !x
eeprom           0x00810000         0x00010000         rw !x
fuse             0x00820000         0x00000400         rw !x
lock             0x00830000         0x00000400         rw !x
signature        0x00840000         0x00000400         rw !x
*default*        0x00000000         0xffffffff

Linker script and memory map

LOAD c:/winavr-20100110/bin/../lib/gcc/avr/4.3.3/../../../../avr/lib/avr5/crtm32.o
LOAD ./MCAL/UART.o
LOAD ./main.o
LOAD c:/winavr-20100110/bin/../lib/gcc/avr/4.3.3/avr5\libgcc.a
LOAD c:/winavr-20100110/bin/../lib/gcc/avr/4.3.3/../../../../avr/lib/avr5\libc.a
LOAD c:/winavr-20100110/bin/../lib/gcc/avr/4.3.3/avr5\libgcc.a

.hash
 *(.hash)

.dynsym
 *(.dynsym)

.dynstr
 *(.dynstr)

.gnu.version
 *(.gnu.version)

.gnu.version_d
 *(.gnu.version_d)

.gnu.version_r
 *(.gnu.version_r)

.rel.init
 *(.rel.init)

.rela.init
 *(.rela.init)

.rel.text
 *(.rel.text)
 *(.rel.text.*)
 *(.rel.gnu.linkonce.t*)

.rela.text
 *(.rela.text)
 *(.rela.text.*)
 *(.rela.gnu.linkonce.t*)

.rel.fini
 *(.rel.fini)

.rela.fini
 *(.rela.fini)

.rel.rodata
 *(.rel.rodata)
 *(.rel.rodata.*)
 *(.rel.gnu.linkonce.r*)

.rela.rodata
 *(.rela.rodata)
 *(.rela.rodata.*)
 *(.rela.gnu.linkonce.r*)

.rel.data
 *(.rel.data)
 *(.rel.data.*)
 *(.rel.gnu.linkonce.d*)

.rela.data
 *(.rela.data)
 *(.rela.data.*)
 *(.rela.gnu.linkonce.d*)

.rel.ctors
 *(.rel.ctors)

.rela.ctors
 *(.rela.ctors)

.rel.dtors
 *(.rel.dtors)

.rela.dtors
 *(.rela.dtors)

.rel.got
 *(.rel.got)

.rela.got
 *(.rela.got)

.rel.bss
 *(.rel.bss)

.rela.bss
 *(.rela.bss)

.rel.plt
 *(.rel.plt)

.rela.plt
 *(.rela.plt)

.text           0x00000000      0x57e
 *(.vectors)
 .vectors       0x00000000       0x54 c:/winavr-20100110/bin/../lib/gcc/avr/4.3.3/../../../../avr/lib/avr5/crtm32.o
                0x00000000                __vectors
                0x00000000                __vector_default
 *(.vectors)
 *(.progmem.gcc*)
 *(.progmem*)
                0x00000054                . = ALIGN (0x2)
                0x00000054                __trampolines_start = .
 *(.trampolines)
 .trampolines   0x00000054        0x0 linker stubs
 *(.trampolines*)
                0x00000054                __trampolines_end = .
 *(.jumptables)
 *(.jumptables*)
 *(.lowtext)
 *(.lowtext*)
                0x00000054                __ctors_start = .
 *(.ctors)
                0x00000054                __ctors_end = .
                0x00000054                __dtors_start = .
 *(.dtors)
                0x00000054                __dtors_end = .
 SORT(*)(.ctors)
 SORT(*)(.dtors)
 *(.init0)
 .init0         0x00000054        0x0 c:/winavr-20100110/bin/../lib/gcc/avr/4.3.3/../../../../avr/lib/avr5/crtm32.o
                0x00000054                __init
 *(.init0)
 *(.init1)
 *(.init1)
 *(.init2)
 .init2         0x00000054        0xc c:/winavr-20100110/bin/../lib/gcc/avr/4.3.3/../../../../avr/lib/avr5/crtm32.o
 *(.init2)
 *(.init3)
 *(.init3)
 *(.init4)
 .init4         0x00000060       0x16 c:/winavr-20100110/bin/../lib/gcc/avr/4.3.3/avr5\libgcc.a(_copy_data.o)
                0x00000060                __do_copy_data
 .init4         0x00000076       0x10 c:/winavr-20100110/bin/../lib/gcc/avr/4.3.3/avr5\libgcc.a(_clear_bss.o)
                0x00000076                __do_clear_bss
 *(.init4)
 *(.init5)
 *(.init5)
 *(.init6)
 *(.init6)
 *(.init7)
 *(.init7)
 *(.init8)
 *(.init8)
 *(.init9)
 .init9         0x00000086        0x8 c:/winavr-20100110/bin/../lib/gcc/avr/4.3.3/../../../../avr/lib/avr5/crtm32.o
 *(.init9)
 *(.text)
 .text          0x0000008e        0x4 c:/winavr-20100110/bin/../lib/gcc/avr/4.3.3/../../../../avr/lib/avr5/crtm32.o
                0x0000008e                __vector_1
                0x0000008e                __vector_12
                0x0000008e                __bad_interrupt
                0x0000008e                __vector_6
                0x0000008e                __vector_3
                0x0000008e                __vector_11
                0x0000008e                __vector_17
                0x0000008e                __vector_19
                0x0000008e                __vector_7
                0x0000008e                __vector_5
                0x0000008e                __vector_4
                0x0000008e                __vector_9
                0x0000008e                __vector_2
                0x0000008e                __vector_15
                0x0000008e                __vector_8
                0x0000008e                __vector_14
                0x0000008e                __vector_10
                0x0000008e                __vector_16
                0x0000008e                __vector_18
                0x0000008e                __vector_20
 .text          0x00000092        0x0 ./MCAL/UART.o
 .text          0x00000092        0x0 ./main.o
 .text          0x00000092        0x0 c:/winavr-20100110/bin/../lib/gcc/avr/4.3.3/avr5\libgcc.a(_exit.o)
 .text          0x00000092        0x0 c:/winavr-20100110/bin/../lib/gcc/avr/4.3.3/avr5\libgcc.a(_copy_data.o)
 .text          0x00000092        0x0 c:/winavr-20100110/bin/../lib/gcc/avr/4.3.3/avr5\libgcc.a(_clear_bss.o)
 .text          0x00000092        0x0 c:/winavr-20100110/bin/../lib/gcc/avr/4.3.3/../../../../avr/lib/avr5\libc.a(strncmp.o)
 .text          0x00000092        0x0 c:/winavr-20100110/bin/../lib/gcc/avr/4.3.3/../../../../avr/lib/avr5\libc.a(strstr.o)
 .text          0x00000092        0x0 c:/winavr-20100110/bin/../lib/gcc/avr/4.3.3/../../../../avr/lib/avr5\libc.a(itoa.o)
 .text          0x00000092        0x0 c:/winavr-20100110/bin/../lib/gcc/avr/4.3.3/../../../../avr/lib/avr5\libc.a(strrev.o)
 .text          0x00000092        0x0 c:/winavr-20100110/bin/../lib/gcc/avr/4.3.3/avr5\libgcc.a(_udivmodhi4.o)
                0x00000092                . = ALIGN (0x2)
 *(.text.*)
 .text.init_UART
                0x00000092       0x14 ./MCAL/UART.o
                0x00000092                init_UART
 .text.UART_SendChar
                0x000000a6        0x8 ./MCAL/UART.o
                0x000000a6                UART_SendChar
 .text.UART_getChar
                0x000000ae        0x8 ./MCAL/UART.o
                0x000000ae                UART_getChar
 .text.UART_SEND_string
                0x000000b6       0x14 ./MCAL/UART.o
                0x000000b6                UART_SEND_string
 .text.UART_SEND_number
                0x000000ca       0x44 ./MCAL/UART.o
                0x000000ca                UART_SEND_number
 .text.__vector_13
                0x0000010e       0x4c ./main.o
                0x0000010e                __vector_13
 .text.Clear_REC_Buffer
                0x0000015a       0x14 ./main.o
                0x0000015a                Clear_REC_Buffer
 .text.Check_Word_in_Respond
                0x0000016e       0x1a ./main.o
                0x0000016e                Check_Word_in_Respond
 .text.Check_Respond
                0x00000188       0x2c ./main.o
                0x00000188                Check_Respond
 .text.main     0x000001b4      0x2ec ./main.o
                0x000001b4                main
 .text.libgcc   0x000004a0        0x0 c:/winavr-20100110/bin/../lib/gcc/avr/4.3.3/avr5\libgcc.a(_exit.o)
 .text.libgcc   0x000004a0        0x0 c:/winavr-20100110/bin/../lib/gcc/avr/4.3.3/avr5\libgcc.a(_copy_data.o)
 .text.libgcc   0x000004a0        0x0 c:/winavr-20100110/bin/../lib/gcc/avr/4.3.3/avr5\libgcc.a(_clear_bss.o)
 .text.avr-libc
                0x000004a0       0x1c c:/winavr-20100110/bin/../lib/gcc/avr/4.3.3/../../../../avr/lib/avr5\libc.a(strncmp.o)
                0x000004a0                strncmp
 .text.avr-libc
                0x000004bc       0x34 c:/winavr-20100110/bin/../lib/gcc/avr/4.3.3/../../../../avr/lib/avr5\libc.a(strstr.o)
                0x000004bc                strstr
 .text.avr-libc
                0x000004f0       0x42 c:/winavr-20100110/bin/../lib/gcc/avr/4.3.3/../../../../avr/lib/avr5\libc.a(itoa.o)
                0x000004f0                itoa
 .text.avr-libc
                0x00000532       0x20 c:/winavr-20100110/bin/../lib/gcc/avr/4.3.3/../../../../avr/lib/avr5\libc.a(strrev.o)
                0x00000532                strrev
 .text.libgcc   0x00000552       0x28 c:/winavr-20100110/bin/../lib/gcc/avr/4.3.3/avr5\libgcc.a(_udivmodhi4.o)
                0x00000552                __udivmodhi4
                0x0000057a                . = ALIGN (0x2)
 *(.fini9)
 .fini9         0x0000057a        0x0 c:/winavr-20100110/bin/../lib/gcc/avr/4.3.3/avr5\libgcc.a(_exit.o)
                0x0000057a                exit
                0x0000057a                _exit
 *(.fini9)
 *(.fini8)
 *(.fini8)
 *(.fini7)
 *(.fini7)
 *(.fini6)
 *(.fini6)
 *(.fini5)
 *(.fini5)
 *(.fini4)
 *(.fini4)
 *(.fini3)
 *(.fini3)
 *(.fini2)
 *(.fini2)
 *(.fini1)
 *(.fini1)
 *(.fini0)
 .fini0         0x0000057a        0x4 c:/winavr-20100110/bin/../lib/gcc/avr/4.3.3/avr5\libgcc.a(_exit.o)
 *(.fini0)
                0x0000057e                _etext = .

.data           0x00800060      0x132 load address 0x0000057e
                0x00800060                PROVIDE (__data_start, .)
 *(.data)
 .data          0x00800060        0x0 c:/winavr-20100110/bin/../lib/gcc/avr/4.3.3/../../../../avr/lib/avr5/crtm32.o
 .data          0x00800060        0x0 ./MCAL/UART.o
 .data          0x00800060      0x131 ./main.o
 .data          0x00800191        0x0 c:/winavr-20100110/bin/../lib/gcc/avr/4.3.3/avr5\libgcc.a(_exit.o)
 .data          0x00800191        0x0 c:/winavr-20100110/bin/../lib/gcc/avr/4.3.3/avr5\libgcc.a(_copy_data.o)
 .data          0x00800191        0x0 c:/winavr-20100110/bin/../lib/gcc/avr/4.3.3/avr5\libgcc.a(_clear_bss.o)
 .data          0x00800191        0x0 c:/winavr-20100110/bin/../lib/gcc/avr/4.3.3/../../../../avr/lib/avr5\libc.a(strncmp.o)
 .data          0x00800191        0x0 c:/winavr-20100110/bin/../lib/gcc/avr/4.3.3/../../../../avr/lib/avr5\libc.a(strstr.o)
 .data          0x00800191        0x0 c:/winavr-20100110/bin/../lib/gcc/avr/4.3.3/../../../../avr/lib/avr5\libc.a(itoa.o)
 .data          0x00800191        0x0 c:/winavr-20100110/bin/../lib/gcc/avr/4.3.3/../../../../avr/lib/avr5\libc.a(strrev.o)
 .data          0x00800191        0x0 c:/winavr-20100110/bin/../lib/gcc/avr/4.3.3/avr5\libgcc.a(_udivmodhi4.o)
 *(.data*)
 *(.rodata)
 *(.rodata*)
 *(.gnu.linkonce.d*)
                0x00800192                . = ALIGN (0x2)
 *fill*         0x00800191        0x1 00
                0x00800192                _edata = .
                0x00800192                PROVIDE (__data_end, .)

.bss            0x00800192       0x65
                0x00800192                PROVIDE (__bss_start, .)
 *(.bss)
 .bss           0x00800192        0x0 c:/winavr-20100110/bin/../lib/gcc/avr/4.3.3/../../../../avr/lib/avr5/crtm32.o
 .bss           0x00800192        0x0 ./MCAL/UART.o
 .bss           0x00800192        0x0 ./main.o
 .bss           0x00800192        0x0 c:/winavr-20100110/bin/../lib/gcc/avr/4.3.3/avr5\libgcc.a(_exit.o)
 .bss           0x00800192        0x0 c:/winavr-20100110/bin/../lib/gcc/avr/4.3.3/avr5\libgcc.a(_copy_data.o)
 .bss           0x00800192        0x0 c:/winavr-20100110/bin/../lib/gcc/avr/4.3.3/avr5\libgcc.a(_clear_bss.o)
 .bss           0x00800192        0x0 c:/winavr-20100110/bin/../lib/gcc/avr/4.3.3/../../../../avr/lib/avr5\libc.a(strncmp.o)
 .bss           0x00800192        0x0 c:/winavr-20100110/bin/../lib/gcc/avr/4.3.3/../../../../avr/lib/avr5\libc.a(strstr.o)
 .bss           0x00800192        0x0 c:/winavr-20100110/bin/../lib/gcc/avr/4.3.3/../../../../avr/lib/avr5\libc.a(itoa.o)
 .bss           0x00800192        0x0 c:/winavr-20100110/bin/../lib/gcc/avr/4.3.3/../../../../avr/lib/avr5\libc.a(strrev.o)
 .bss           0x00800192        0x0 c:/winavr-20100110/bin/../lib/gcc/avr/4.3.3/avr5\libgcc.a(_udivmodhi4.o)
 *(.bss*)
 .bss.Counter   0x00800192        0x1 ./main.o
                0x00800192                Counter
 *(COMMON)
 COMMON         0x00800193       0x64 ./main.o
                0x00800193                Rec_Data
                0x008001f7                PROVIDE (__bss_end, .)
                0x0000057e                __data_load_start = LOADADDR (.data)
                0x000006b0                __data_load_end = (__data_load_start + SIZEOF (.data))

.noinit         0x008001f7        0x0
                0x008001f7                PROVIDE (__noinit_start, .)
 *(.noinit*)
                0x008001f7                PROVIDE (__noinit_end, .)
                0x008001f7                _end = .
                0x008001f7                PROVIDE (__heap_start, .)

.eeprom         0x00810000        0x0
 *(.eeprom*)
                0x00810000                __eeprom_end = .

.fuse
 *(.fuse)
 *(.lfuse)
 *(.hfuse)
 *(.efuse)

.lock
 *(.lock*)

.signature
 *(.signature*)

.stab
 *(.stab)

.stabstr
 *(.stabstr)

.stab.excl
 *(.stab.excl)

.stab.exclstr
 *(.stab.exclstr)

.stab.index
 *(.stab.index)

.stab.indexstr
 *(.stab.indexstr)

.comment
 *(.comment)

.debug
 *(.debug)

.line
 *(.line)

.debug_srcinfo
 *(.debug_srcinfo)

.debug_sfnames
 *(.debug_sfnames)

.debug_aranges
 *(.debug_aranges)

.debug_pubnames
 *(.debug_pubnames)

.debug_info
 *(.debug_info)
 *(.gnu.linkonce.wi.*)

.debug_abbrev
 *(.debug_abbrev)

.debug_line
 *(.debug_line)

.debug_frame
 *(.debug_frame)

.debug_str
 *(.debug_str)

.debug_loc
 *(.debug_loc)

.debug_macinfo
 *(.debug_macinfo)
OUTPUT(GSM_GPRS_Module_Nmr.elf elf32-avr)
LOAD linker stubs
